
> react-kavia@0.1.0 start
> cross-env EDIT_MODE=true webpack serve --config .ve/webpack.config.js --mode development

<i> [webpack-dev-server] Project is running at:
<i> [webpack-dev-server] Loopback: http://localhost:3000/, http://[::1]:3000/
<i> [webpack-dev-server] On Your Network (IPv4): http://172.17.0.2:3000/
<i> [webpack-dev-server] Content not from webpack is served from './public' directory
Injecting EditorRootWrapper import: ../.ve/EditorRootWrapper
asset bundle.js 1.39 MiB [emitted] (name: main)
asset index.html 1.98 KiB [emitted]
runtime modules 27.5 KiB 14 modules
modules by path ./node_modules/ 1.24 MiB 31 modules
modules by path ./src/ 10.3 KiB
  modules by path ./src/*.css 7.49 KiB 4 modules
  modules by path ./src/*.js 2.76 KiB
    ./src/index.js 530 bytes [built] [code generated]
    ./src/App.js 2.24 KiB [built] [code generated]
modules by path ./.ve/ 15.1 KiB
  modules by path ./.ve/*.js 10.6 KiB 2 modules
  modules by path ./.ve/*.css 2.93 KiB
    ./.ve/EditorOverlay.css 2.25 KiB [built] [code generated]
    ./node_modules/css-loader/dist/cjs.js!./.ve/EditorOverlay.css 697 bytes [built] [code generated]
  ./.ve/EditorOverlay.jsx 1.58 KiB [built] [code generated]
webpack 5.99.9 compiled successfully in 1278 ms
assets by status 1.98 KiB [cached] 1 asset
assets by chunk 1.44 MiB (name: main)
  asset bundle.js 1.41 MiB [emitted] (name: main)
  asset main.4dec1cc101a25be7c45d.hot-update.js 26.1 KiB [emitted] [immutable] [hmr] (name: main)
  asset fb14379ca93c4aa93759.png 139 bytes [emitted] [immutable] [from: src/assets/splittrack-background.png] [hmr] (name: main) (auxiliary name: main)
asset main.4dec1cc101a25be7c45d.hot-update.json 28 bytes [emitted] [immutable] [hmr]
Entrypoint main 1.44 MiB (139 bytes) = bundle.js 1.41 MiB main.4dec1cc101a25be7c45d.hot-update.js 26.1 KiB fb14379ca93c4aa93759.png 139 bytes 1 auxiliary asset
cached modules 1.26 MiB [cached] 41 modules
runtime modules 27.5 KiB 14 modules
modules by layer 18.5 KiB (javascript) 139 bytes (asset)
  ./src/App.js 18.4 KiB [built] [code generated]
  ./src/assets/splittrack-background.png 139 bytes (asset) 42 bytes (javascript) [built] [code generated]
webpack 5.99.9 compiled successfully in 204 ms
assets by status 2.11 KiB [cached] 2 assets
assets by status 1.43 MiB [emitted]
  asset bundle.js 1.42 MiB [emitted] (name: main)
  asset main.aa15150c7387b318f43b.hot-update.js 12.6 KiB [emitted] [immutable] [hmr] (name: main)
  asset main.aa15150c7387b318f43b.hot-update.json 28 bytes [emitted] [immutable] [hmr]
Entrypoint main 1.43 MiB (139 bytes) = bundle.js 1.42 MiB main.aa15150c7387b318f43b.hot-update.js 12.6 KiB 1 auxiliary asset
cached modules 1.28 MiB (javascript) 139 bytes (asset) [cached] 42 modules
runtime modules 27.5 KiB 14 modules
./node_modules/css-loader/dist/cjs.js!./src/App.css 9.77 KiB [built] [code generated]
webpack 5.99.9 compiled successfully in 58 ms
